// Jest Snapshot v1, https://goo.gl/fbAQLP

exports[`Loader component should match snapshot 1`] = `
<span
  className="makeStyles-loader-1"
  data-testid="LOADER"
>
  Loading...
</span>
`;
